// Jest Snapshot v1, https://goo.gl/fbAQLP

exports[`app should return a successful response for GET /health 1`] = `
Object {
  "header": Object {
    "access-control-allow-origin": "*",
    "connection": "close",
    "content-length": "2",
    "content-type": "text/plain; charset=utf-8",
    "etag": "W/\\"2-nOO9QiTIwXgNtWtBJezz8kv3SLc\\"",
    "x-powered-by": "Express",
  },
  "req": Object {
    "data": undefined,
    "headers": Object {
      "user-agent": "node-superagent/3.8.3",
    },
    "method": "GET",
    "url": "http://127.0.0.1:3000/health",
  },
  "status": 200,
  "text": "OK",
}
`;
